(c) Copyright 2012-2018 Xilinx, Inc. All Rights Reserved.
#-----------------------------------------------------------
# Tool version  : sds++ 2018.3 SW Build 2405991 on Thu Dec  6 23:39:10 MST 2018
# Start time    : Sun Feb 10 19:42:16 -0600 2019
# Command line  : sds++ --remote_ip_cache C:/Users/DustinZhou/Documents/Xilinx/ip_cache -o ePID.elf ./src/test_xapp_pid.o ./src/xapp_pid.o -dmclkid 2 -perf-root main -perf-est swdata.xml -perf-funcs PID_Controller -sds-sys-config linux -sds-proc linux -sds-pf zed
# Log file      : C:/Users/DustinZhou/Documents/Xilinx/ePID/Debug/_sds/reports/sds.log
# Journal file  : C:/Users/DustinZhou/Documents/Xilinx/ePID/Debug/_sds/reports/sds.jou
# Report file   : C:/Users/DustinZhou/Documents/Xilinx/ePID/Debug/_sds/reports/sds.rpt
#-----------------------------------------------------------

#-----------------------------------------------------------
# This file contains undocumented internal commands and is
# provided for diagnostic purposes. To reproduce the results
# of this run, please run the sds++ command line above again.
#-----------------------------------------------------------

# Analyzing object files
arm-linux-gnueabihf-objcopy -O binary --set-section-flags .xdinfo=alloc --only-section=.xdinfo C:/Users/DustinZhou/Documents/Xilinx/ePID/Debug/_sds/est/test_xapp_pid.o C:/Users/DustinZhou/Documents/Xilinx/ePID/Debug/_sds/.data/xdinfo.xml
arm-linux-gnueabihf-objcopy -O binary --set-section-flags .xddata=alloc --only-section=.xddata C:/Users/DustinZhou/Documents/Xilinx/ePID/Debug/_sds/est/test_xapp_pid.o C:/Users/DustinZhou/Documents/Xilinx/ePID/Debug/_sds/.data/xddata.xml
arm-linux-gnueabihf-objcopy -O binary --set-section-flags .xdsdata=alloc --only-section=.xdsdata C:/Users/DustinZhou/Documents/Xilinx/ePID/Debug/_sds/est/test_xapp_pid.o C:/Users/DustinZhou/Documents/Xilinx/ePID/Debug/_sds/.data/test_xapp_pid.o.xml
arm-linux-gnueabihf-objcopy -O binary --set-section-flags .xdinfo=alloc --only-section=.xdinfo C:/Users/DustinZhou/Documents/Xilinx/ePID/Debug/_sds/est/xapp_pid.o C:/Users/DustinZhou/Documents/Xilinx/ePID/Debug/_sds/.data/xdinfo.xml
arm-linux-gnueabihf-objcopy -O binary --set-section-flags .xddata=alloc --only-section=.xddata C:/Users/DustinZhou/Documents/Xilinx/ePID/Debug/_sds/est/xapp_pid.o C:/Users/DustinZhou/Documents/Xilinx/ePID/Debug/_sds/.data/xddata.xml
arm-linux-gnueabihf-objcopy -O binary --set-section-flags .xdsdata=alloc --only-section=.xdsdata C:/Users/DustinZhou/Documents/Xilinx/ePID/Debug/_sds/est/xapp_pid.o C:/Users/DustinZhou/Documents/Xilinx/ePID/Debug/_sds/.data/xapp_pid.o.xml
C:/Xilinx/SDx/2018.3/bin/build_xd_ip_db -ip_search 0  -sds-pf C:/Users/DustinZhou/Documents/Xilinx/ePID/Debug/.Xil/zed.hpfm    -o C:/Users/DustinZhou/Documents/Xilinx/ePID/Debug/_sds/.cdb/xd_ip_db.xml  
# Using prebuilt hardware
cd C:/Users/DustinZhou/Documents/Xilinx/ePID/Debug
# Skipping block diagram (BD), address map, port information and device registration for partition 0
cd C:/Users/DustinZhou/Documents/Xilinx/ePID/Debug/_sds/swstubs
cd C:/Users/DustinZhou/Documents/Xilinx/ePID/Debug
# Prepare hardware access API functions
cd C:/Users/DustinZhou/Documents/Xilinx/ePID/Debug
# Create accelerator stub functions
cd C:/Users/DustinZhou/Documents/Xilinx/ePID/Debug/_sds/swstubs
cd C:/Users/DustinZhou/Documents/Xilinx/ePID/Debug
cd C:/Users/DustinZhou/Documents/Xilinx/ePID/Debug/_sds/swstubs
# Compile hardware access API functions
arm-linux-gnueabihf-gcc  -DPERF_EST       -I C:/Xilinx/SDx/2018.3/target/aarch32-linux/include  -D HLS_NO_XIL_FPO_LIB  -I C:/Xilinx/Vivado/2018.3/include -c  C:/Users/DustinZhou/Documents/Xilinx/ePID/Debug/_sds/swstubs/portinfo.c
arm-linux-gnueabihf-g++        -I C:/Xilinx/SDx/2018.3/target/aarch32-linux/include  -D HLS_NO_XIL_FPO_LIB  -I C:/Xilinx/Vivado/2018.3/include -c  C:/Users/DustinZhou/Documents/Xilinx/ePID/Debug/_sds/swstubs/cf_stub.c
arm-linux-gnueabihf-gcc       -I C:/Xilinx/SDx/2018.3/target/aarch32-linux/include  -D HLS_NO_XIL_FPO_LIB  -I C:/Xilinx/Vivado/2018.3/include -c  C:/Users/DustinZhou/Documents/Xilinx/ePID/Debug/_sds/est/sw_perf_est.c -o C:/Users/DustinZhou/Documents/Xilinx/ePID/Debug/_sds/est/sw_perf_est.o
arm-linux-gnueabihf-ar crs C:/Users/DustinZhou/Documents/Xilinx/ePID/Debug/_sds/swstubs/libxlnk_stub.a C:/Users/DustinZhou/Documents/Xilinx/ePID/Debug/_sds/swstubs/portinfo.o C:/Users/DustinZhou/Documents/Xilinx/ePID/Debug/_sds/swstubs/cf_stub.o
cd C:/Users/DustinZhou/Documents/Xilinx/ePID/Debug
cd C:/Users/DustinZhou/Documents/Xilinx/ePID/Debug/_sds/swstubs
# Compile accelerator stub functions
cd C:/Users/DustinZhou/Documents/Xilinx/ePID/Debug
cd C:/Users/DustinZhou/Documents/Xilinx/ePID/Debug/_sds/swstubs
arm-linux-gnueabihf-ar crs C:/Users/DustinZhou/Documents/Xilinx/ePID/Debug/_sds/swstubs/libePID.a C:/Users/DustinZhou/Documents/Xilinx/ePID/Debug/_sds/swstubs/portinfo.o C:/Users/DustinZhou/Documents/Xilinx/ePID/Debug/_sds/swstubs/cf_stub.o 
cd C:/Users/DustinZhou/Documents/Xilinx/ePID/Debug
cd C:/Users/DustinZhou/Documents/Xilinx/ePID/Debug
# Enable generation of boot files
cd C:/Users/DustinZhou/Documents/Xilinx/ePID/Debug/_sds/swstubs
# Compile hardware access API functions
arm-linux-gnueabihf-gcc  -DPERF_EST       -I C:/Xilinx/SDx/2018.3/target/aarch32-linux/include  -D HLS_NO_XIL_FPO_LIB  -I C:/Xilinx/Vivado/2018.3/include -c  C:/Users/DustinZhou/Documents/Xilinx/ePID/Debug/_sds/swstubs/portinfo.c
arm-linux-gnueabihf-g++        -I C:/Xilinx/SDx/2018.3/target/aarch32-linux/include  -D HLS_NO_XIL_FPO_LIB  -I C:/Xilinx/Vivado/2018.3/include -c  C:/Users/DustinZhou/Documents/Xilinx/ePID/Debug/_sds/swstubs/cf_stub.c
arm-linux-gnueabihf-gcc       -I C:/Xilinx/SDx/2018.3/target/aarch32-linux/include  -D HLS_NO_XIL_FPO_LIB  -I C:/Xilinx/Vivado/2018.3/include -c  C:/Users/DustinZhou/Documents/Xilinx/ePID/Debug/_sds/est/sw_perf_est.c -o C:/Users/DustinZhou/Documents/Xilinx/ePID/Debug/_sds/est/sw_perf_est.o
arm-linux-gnueabihf-ar crs C:/Users/DustinZhou/Documents/Xilinx/ePID/Debug/_sds/swstubs/libxlnk_stub.a C:/Users/DustinZhou/Documents/Xilinx/ePID/Debug/_sds/swstubs/portinfo.o C:/Users/DustinZhou/Documents/Xilinx/ePID/Debug/_sds/swstubs/cf_stub.o
cd C:/Users/DustinZhou/Documents/Xilinx/ePID/Debug
cd C:/Users/DustinZhou/Documents/Xilinx/ePID/Debug/_sds/swstubs
arm-linux-gnueabihf-ar crs C:/Users/DustinZhou/Documents/Xilinx/ePID/Debug/_sds/swstubs/libePID.a C:/Users/DustinZhou/Documents/Xilinx/ePID/Debug/_sds/swstubs/portinfo.o C:/Users/DustinZhou/Documents/Xilinx/ePID/Debug/_sds/swstubs/cf_stub.o 
cd C:/Users/DustinZhou/Documents/Xilinx/ePID/Debug
# Link application ELF file
arm-linux-gnueabihf-g++   C:/Users/DustinZhou/Documents/Xilinx/ePID/Debug/_sds/est/sw_perf_est.o  C:/Users/DustinZhou/Documents/Xilinx/ePID/Debug/_sds/est/test_xapp_pid.o C:/Users/DustinZhou/Documents/Xilinx/ePID/Debug/_sds/est/xapp_pid.o C:/Users/DustinZhou/Documents/Xilinx/ePID/Debug/_sds/swstubs/portinfo.o     -LC:/Users/DustinZhou/Documents/Xilinx/ePID/Debug/_sds/swstubs -Wl,--start-group  -Wl,--end-group -Wl,--start-group    -lpthread -LC:/Xilinx/SDx/2018.3/target/aarch32-linux/lib -lsds_lib -lxlnk_stub  -Wl,--end-group -o C:/Users/DustinZhou/Documents/Xilinx/ePID/Debug/_sds/swstubs/ePID.elf 
arm-linux-gnueabihf-objcopy -R .xdinfo -R .xddata -R .xdasm -R .xdfcnmap -R .xdhlscore -R .xdif -R .xdparams -R .xdcore -R .xdrepo -R .xdsdata -R .xdpp -R .xdrtlx C:/Users/DustinZhou/Documents/Xilinx/ePID/Debug/_sds/swstubs/ePID.elf
# Analyzing object files
arm-linux-gnueabihf-objcopy -O binary --set-section-flags .xdinfo=alloc --only-section=.xdinfo C:/Users/DustinZhou/Documents/Xilinx/ePID/Debug/_sds/est/test_xapp_pid.o C:/Users/DustinZhou/Documents/Xilinx/ePID/Debug/_sds/.data/xdinfo.xml
arm-linux-gnueabihf-objcopy -O binary --set-section-flags .xddata=alloc --only-section=.xddata C:/Users/DustinZhou/Documents/Xilinx/ePID/Debug/_sds/est/test_xapp_pid.o C:/Users/DustinZhou/Documents/Xilinx/ePID/Debug/_sds/.data/xddata.xml
arm-linux-gnueabihf-objcopy -O binary --set-section-flags .xdsdata=alloc --only-section=.xdsdata C:/Users/DustinZhou/Documents/Xilinx/ePID/Debug/_sds/est/test_xapp_pid.o C:/Users/DustinZhou/Documents/Xilinx/ePID/Debug/_sds/.data/test_xapp_pid.o.xml
arm-linux-gnueabihf-objcopy -O binary --set-section-flags .xdinfo=alloc --only-section=.xdinfo C:/Users/DustinZhou/Documents/Xilinx/ePID/Debug/_sds/est/.accdata/xapp_pid.o C:/Users/DustinZhou/Documents/Xilinx/ePID/Debug/_sds/.data/xdinfo.xml
arm-linux-gnueabihf-objcopy -O binary --set-section-flags .xdrtlx=alloc --only-section=.xdrtlx C:/Users/DustinZhou/Documents/Xilinx/ePID/Debug/_sds/est/.accdata/xapp_pid.o C:/Users/DustinZhou/Documents/Xilinx/ePID/Debug/_sds/.rtlx/xapp_pid.rtlx
arm-linux-gnueabihf-objcopy -O binary --set-section-flags .xddata=alloc --only-section=.xddata C:/Users/DustinZhou/Documents/Xilinx/ePID/Debug/_sds/est/.accdata/xapp_pid.o C:/Users/DustinZhou/Documents/Xilinx/ePID/Debug/_sds/.data/PID_Controller.xml
arm-linux-gnueabihf-objcopy -O binary --set-section-flags .xdpp=alloc --only-section=.xdpp C:/Users/DustinZhou/Documents/Xilinx/ePID/Debug/_sds/est/.accdata/xapp_pid.o C:/Users/DustinZhou/Documents/Xilinx/ePID/Debug/_sds/.pp/xapp_pid.ii
arm-linux-gnueabihf-objcopy -O binary --set-section-flags .xdfcnmap=alloc --only-section=.xdfcnmap C:/Users/DustinZhou/Documents/Xilinx/ePID/Debug/_sds/est/.accdata/xapp_pid.o C:/Users/DustinZhou/Documents/Xilinx/ePID/Debug/_sds/.cdb/PID_Controller.PID_Controller.fcnmap.xml
arm-linux-gnueabihf-objcopy -O binary --set-section-flags .xdhlscore=alloc --only-section=.xdhlscore C:/Users/DustinZhou/Documents/Xilinx/ePID/Debug/_sds/est/.accdata/xapp_pid.o C:/Users/DustinZhou/Documents/Xilinx/ePID/Debug/_sds/iprepo/repo/xilinx_com_hls_PID_Controller_1_0/xilinx_com_hls_PID_Controller_1_0.zip
C:/Xilinx/SDx/2018.3/bin/unzip.bat -u -o C:/Users/DustinZhou/Documents/Xilinx/ePID/Debug/_sds/iprepo/repo/xilinx_com_hls_PID_Controller_1_0/xilinx_com_hls_PID_Controller_1_0.zip -d C:/Users/DustinZhou/Documents/Xilinx/ePID/Debug/_sds/iprepo/repo/xilinx_com_hls_PID_Controller_1_0
arm-linux-gnueabihf-objcopy -O binary --set-section-flags .xdif=alloc --only-section=.xdif C:/Users/DustinZhou/Documents/Xilinx/ePID/Debug/_sds/est/.accdata/xapp_pid.o C:/Users/DustinZhou/Documents/Xilinx/ePID/Debug/_sds/.cdb/PID_Controller_if.xml
C:/Xilinx/SDx/2018.3/bin/build_xd_ip_db -ip_search 0  -sds-pf C:/Users/DustinZhou/Documents/Xilinx/ePID/Debug/.Xil/zed.hpfm  -ip C:/Users/DustinZhou/Documents/Xilinx/ePID/Debug/_sds/iprepo/repo/xilinx_com_hls_PID_Controller_1_0  -o C:/Users/DustinZhou/Documents/Xilinx/ePID/Debug/_sds/.cdb/xd_ip_db.xml  
# Generating data motion network
C:/Xilinx/SDx/2018.3/bin/llvm-link -o C:/Users/DustinZhou/Documents/Xilinx/ePID/Debug/_sds/.llvm/sds_all.o C:/Users/DustinZhou/Documents/Xilinx/ePID/Debug/_sds/.llvm/./src/test_xapp_pid.s C:/Users/DustinZhou/Documents/Xilinx/ePID/Debug/_sds/.llvm/./src/xapp_pid.s
cd C:/Users/DustinZhou/Documents/Xilinx/ePID/Debug/_sds/.llvm
cd C:/Users/DustinZhou/Documents/Xilinx/ePID/Debug/_sds/.llvm
C:/Xilinx/SDx/2018.3/bin/XidanePass  --dmclkid 2  --repo C:/Users/DustinZhou/Documents/Xilinx/ePID/Debug/_sds/.cdb/xd_ip_db.xml  --dmdb C:/Xilinx/SDx/2018.3/data/DM.db   -os linux -processor cortex-a9 -partition 0   -perfest
cd C:/Users/DustinZhou/Documents/Xilinx/ePID/Debug
C:/Xilinx/SDx/2018.3/bin/perf_est  -s swdata.xml  -hw C:/Users/DustinZhou/Documents/Xilinx/ePID/Debug/_sds/.llvm/hw_perf_est.xml  -r C:/Users/DustinZhou/Documents/Xilinx/ePID/Debug/_sds/.cdb/xd_ip_db.xml  -est_ws C:/Users/DustinZhou/Documents/Xilinx/ePID/Debug/_sds/est  -apsys C:/Users/DustinZhou/Documents/Xilinx/ePID/Debug/_sds/.llvm/apsys_0.xml
# sds++ completed at Sun Feb 10 19:43:11 -0600 2019
